; ModuleID = 'vvadd.ll'
source_filename = "vvadd.ll"
target datalayout = "e-m:e-i1:8:16-i8:8:16-i64:64-f80:128-n32:64"
target triple = "riscv64-unknown--elf"

define void @vvadd(i64* %a, i64* %b, i64* %c) #0 {
entry:
  %id = call i64 @llvm.hwacha.veidx()
  %pa = getelementptr inbounds i64, i64* %a, i64 %id
  %pb = getelementptr inbounds i64, i64* %b, i64 %id
  %pc = getelementptr inbounds i64, i64* %c, i64 %id
  %va = load i64, i64* %pa
  %vb = load i64, i64* %pb
  %s = add i64 %va, %vb
  store i64 %s, i64* %pc
  ret void
}

define void @host(i64* %a, i64* %b, i64* %c) #0 {
entry:
  call void @vvadd(i64* %a, i64* %b, i64* %c)
  ret void
}

; Function Attrs: nounwind
declare i64 @llvm.hwacha.veidx() #1

attributes #0 = { "target-cpu"="Rocket" "target-features"="+xhwacha" }
attributes #1 = { nounwind "target-cpu"="Rocket" "target-features"="+xhwacha" }

!opencl.kernels = !{!0}
!hwacha.vfcfg = !{!1}

!0 = !{void (i64*, i64*, i64*)* @vvadd}
!1 = !{i64 0, i64 0, i64 0, i64 0}

define void @vvadd(i64* %a, i64* %b, i64* %c) #0 {
entry:
  %id = call i64 @llvm.hwacha.veidx()
  %pa = getelementptr inbounds i64, i64* %a, i64 %id
  %pb = getelementptr inbounds i64, i64* %b, i64 %id
  %pc = getelementptr inbounds i64, i64* %c, i64 %id
  %va = load i64, i64* %pa
  %vb = load i64, i64* %pb
  %s = add i64 %va, %vb
  store i64 %s, i64* %pc
  ret void
}


define void @vvadd(i64* %a, i64* %b, i64* %c) #0 {
entry:
  %id = call i64 @llvm.hwacha.veidx()
  %pa = getelementptr inbounds i64, i64* %a, i64 %id
  %pb = getelementptr inbounds i64, i64* %b, i64 %id
  %pc = getelementptr inbounds i64, i64* %c, i64 %id
  %va = load i64, i64* %pa
  %vb = load i64, i64* %pb
  %s = add i64 %va, %vb
  store i64 %s, i64* %pc
  ret void
}

  %va = load i64, i64* %pa
((8 * %id)<nsw> + %a)<nsw>
RUNNING PDG
RUNNING PDG
found load inst in opencl kernel, trying to hoist
HOISTED ADDR
  %vb = load i64, i64* %pb
((8 * %id)<nsw> + %b)<nsw>
found load inst in opencl kernel, trying to hoist
HOISTED ADDR
  store i64 %s, i64* %pc
((8 * %id)<nsw> + %c)<nsw>
found store inst in opencl kernel, trying to hoist
HOISTED ADDR

define void @host(i64* %a, i64* %b, i64* %c) #0 {
entry:
  %scevgep = getelementptr i64, i64* %a, i64 1
  %scevgep1 = getelementptr i64, i64* %b, i64 1
  %scevgep2 = getelementptr i64, i64* %c, i64 1
  call void @vvadd(i64* %a, i64* %b, i64* %c, i64* byval %scevgep, i64* byval %scevgep1, i64* byval %scevgep2)
  ret void
}


define void @host(i64* %a, i64* %b, i64* %c) #0 {
entry:
  %scevgep = getelementptr i64, i64* %a, i64 1
  %scevgep1 = getelementptr i64, i64* %b, i64 1
  %scevgep2 = getelementptr i64, i64* %c, i64 1
  call void @vvadd(i64* %a, i64* %b, i64* %c, i64* byval %scevgep, i64* byval %scevgep1, i64* byval %scevgep2)
  ret void
}

; ModuleID = 'vvadd.ll'
source_filename = "vvadd.ll"
target datalayout = "e-m:e-i1:8:16-i8:8:16-i64:64-f80:128-n32:64"
target triple = "riscv64-unknown--elf"

define internal void @vvadd(i64* %a, i64* %b, i64* %c, i64* byval, i64* byval, i64* byval) #0 {
entry:
  %id = call i64 @llvm.hwacha.veidx()
  %pa = getelementptr inbounds i64, i64* %a, i64 %id
  %pb = getelementptr inbounds i64, i64* %b, i64 %id
  %pc = getelementptr inbounds i64, i64* %c, i64 %id
  %va = load i64, i64* %0
  %vb = load i64, i64* %1
  %s = add i64 %va, %vb
  store volatile i64 %s, i64* %2
  ret void
}

declare void @0(i64*, i64*, i64*) #0

define void @host(i64* %a, i64* %b, i64* %c) #0 {
entry:
  %scevgep = getelementptr i64, i64* %a, i64 1
  %scevgep1 = getelementptr i64, i64* %b, i64 1
  %scevgep2 = getelementptr i64, i64* %c, i64 1
  call void @vvadd(i64* %a, i64* %b, i64* %c, i64* byval %scevgep, i64* byval %scevgep1, i64* byval %scevgep2)
  ret void
}

; Function Attrs: nounwind
declare i64 @llvm.hwacha.veidx() #1

attributes #0 = { "target-cpu"="Rocket" "target-features"="+xhwacha" }
attributes #1 = { nounwind "target-cpu"="Rocket" "target-features"="+xhwacha" }

!opencl.kernels = !{!0}
!hwacha.vfcfg = !{!1}

!0 = !{void (i64*, i64*, i64*, i64*, i64*, i64*)* @vvadd}
!1 = !{i64 0, i64 0, i64 0, i64 0}
# Machine code for function vvadd: Properties: <SSA, tracking liveness, HasVRegs>
Function Live Ins: %a0_64 in %vreg0, %a1_64 in %vreg1, %a2_64 in %vreg2

BB#0: derived from LLVM BB %entry
    Live Ins: %a0_64 %a1_64 %a2_64
	%vreg2<def> = COPY %a2_64; GR64Bit:%vreg2
	%vreg1<def> = COPY %a1_64; GR64Bit:%vreg1
	%vreg0<def> = COPY %a0_64; GR64Bit:%vreg0
	%vreg3<def> = VEIDX; VVRBit:%vreg3
	%vreg4<def> = LD 0, %vreg1; mem:LD8[%1] GR64Bit:%vreg4,%vreg1
	%vreg5<def> = LD 0, %vreg0; mem:LD8[%0] GR64Bit:%vreg5,%vreg0
	%vreg6<def> = ADD64 %vreg5<kill>, %vreg4<kill>; GR64Bit:%vreg6,%vreg5,%vreg4
	SD %vreg6<kill>, 0, %vreg2; mem:Volatile ST8[%2] GR64Bit:%vreg6,%vreg2
	RET %a0<imp-def,dead>, %a1<imp-def,dead>

# End machine code for function vvadd.

Writing 'pdg.vvadd.dot'...
  %vreg7<def> = VPSET; VPRBit:%vreg7
RUNNING PDG
RUNNING PDG
ProcessingFunctionAfterISel
RUNNING PDG
Inst:invar?0
  %vreg7<def> = VPSET; VPRBit:%vreg7
  %vreg2<def> = COPY %a2_64; GR64Bit:%vreg2
Unable to handle Opcode:607 in OpenCL kernel
Inst:invar?1
  %vreg1<def> = COPY %a1_64; GR64Bit:%vreg1
Inst:invar?1
  %vreg0<def> = COPY %a0_64; GR64Bit:%vreg0
Inst:invar?1
  %vreg3<def> = VEIDX; VVRBit:%vreg3
Inst:invar?0
  %vreg3<def> = VEIDX; VVRBit:%vreg3
  %vreg4<def> = LD 0, %vreg1; mem:LD8[%1] GR64Bit:%vreg4,%vreg1
Unable to handle Opcode:462 in OpenCL kernel
Inst:invar?1
  %vreg4<def> = LD 0, %vreg1; mem:LD8[%1] GR64Bit:%vreg4,%vreg1
  %vreg5<def> = LD 0, %vreg0; mem:LD8[%0] GR64Bit:%vreg5,%vreg0
Unable to handle Opcode:334 in OpenCL kernel
Inst:invar?1
  %vreg5<def> = LD 0, %vreg0; mem:LD8[%0] GR64Bit:%vreg5,%vreg0
  %vreg6<def> = ADD64 %vreg5<kill>, %vreg4<kill>; GR64Bit:%vreg6,%vreg5,%vreg4
Unable to handle Opcode:334 in OpenCL kernel
Inst:invar?1
  SD %vreg6<kill>, 0, %vreg2; mem:Volatile ST8[%2] VSRBit:%vreg6 GR64Bit:%vreg2
Inst:invar?1
  SD %vreg6<kill>, 0, %vreg2; mem:Volatile ST8[%2] VSRBit:%vreg6 GR64Bit:%vreg2
  RET %a0<imp-def,dead>, %a1<imp-def,dead>
Unable to handle Opcode:388 in OpenCL kernel
Inst:invar?1
# Machine code for function vvadd: Properties: <SSA, tracking liveness, HasVRegs>
Function Live Ins: %a0_64 in %vreg0, %a1_64 in %vreg1, %a2_64 in %vreg2

BB#0: derived from LLVM BB %entry
    Live Ins: %a0_64 %a1_64 %a2_64
	%vreg7<def> = VPSET; VPRBit:%vreg7
	%vreg2<def> = COPY %a2_64; GR64Bit:%vreg2
	%vreg1<def> = COPY %a1_64; GR64Bit:%vreg1
	%vreg0<def> = COPY %a0_64; GR64Bit:%vreg0
	%vreg3<def> = VEIDX; VVRBit:%vreg3
	%vreg4<def> = LD 0, %vreg1; mem:LD8[%1] GR64Bit:%vreg4,%vreg1
	%vreg5<def> = LD 0, %vreg0; mem:LD8[%0] GR64Bit:%vreg5,%vreg0
	%vreg6<def> = VADD_SSS %vreg5<kill>, %vreg4<kill>; VSRBit:%vreg6 GR64Bit:%vreg5,%vreg4
	SD %vreg6<kill>, 0, %vreg2; mem:Volatile ST8[%2] VSRBit:%vreg6 GR64Bit:%vreg2
	VSTOP

# End machine code for function vvadd.

# Machine code for function vvadd: Properties: <SSA, tracking liveness, HasVRegs>
Function Live Ins: %a0_64 in %vreg0, %a1_64 in %vreg1, %a2_64 in %vreg2

BB#0: derived from LLVM BB %entry
    Live Ins: %a0_64 %a1_64 %a2_64
	%vreg7<def> = VPSET; VPRBit:%vreg7
	%vreg2<def> = COPY %a2_64; GR64Bit:%vreg2
	%vreg1<def> = COPY %a1_64; GR64Bit:%vreg1
	%vreg0<def> = COPY %a0_64; GR64Bit:%vreg0
	%vreg3<def> = VEIDX; VVRBit:%vreg3
	%vreg4<def> = LD 0, %vreg1; mem:LD8[%1] GR64Bit:%vreg4,%vreg1
	%vreg5<def> = LD 0, %vreg0; mem:LD8[%0] GR64Bit:%vreg5,%vreg0
	%vreg6<def> = VADD_SSS %vreg5<kill>, %vreg4<kill>; VSRBit:%vreg6 GR64Bit:%vreg5,%vreg4
	SD %vreg6<kill>, 0, %vreg2; mem:Volatile ST8[%2] VSRBit:%vreg6 GR64Bit:%vreg2
	VSTOP

# End machine code for function vvadd.

# Machine code for function vvadd: Properties: <SSA, tracking liveness, HasVRegs>
Function Live Ins: %a0_64 in %vreg0, %a1_64 in %vreg1, %a2_64 in %vreg2

BB#0: derived from LLVM BB %entry
    Live Ins: %a0_64 %a1_64 %a2_64
	%vreg7<def> = VPSET; VPRBit:%vreg7
	%vreg2<def> = COPY %a2_64; GR64Bit:%vreg2
	%vreg1<def> = COPY %a1_64; GR64Bit:%vreg1
	%vreg0<def> = COPY %a0_64; GR64Bit:%vreg0
	%vreg3<def> = VEIDX; VVRBit:%vreg3
	%vreg4<def> = LD 0, %vreg1; mem:LD8[%1] GR64Bit:%vreg4,%vreg1
	%vreg5<def> = LD 0, %vreg0; mem:LD8[%0] GR64Bit:%vreg5,%vreg0
	%vreg6<def> = VADD_SSS %vreg5<kill>, %vreg4<kill>; VSRBit:%vreg6 GR64Bit:%vreg5,%vreg4
	SD %vreg6<kill>, 0, %vreg2; mem:Volatile ST8[%2] VSRBit:%vreg6 GR64Bit:%vreg2
	VSTOP

# End machine code for function vvadd.

# Machine code for function vvadd: Properties: <Post SSA, not tracking liveness, AllVRegsAllocated>
Function Live Ins: %a0_64, %a1_64, %a2_64

BB#0: derived from LLVM BB %entry
    Live Ins: %a0_64 %a1_64 %a2_64
	%vp0<def,dead> = VPSET
	%vv0D<def,dead> = VEIDX
	%t0_64<def> = LD 0, %a1_64<kill>; mem:LD8[%1]
	%t1_64<def> = LD 0, %a0_64<kill>; mem:LD8[%0]
	%vs0<def> = VADD_SSS %t1_64<kill>, %t0_64<kill>
	SD %vs0<kill>, 0, %a2_64<kill>; mem:Volatile ST8[%2]
	VSTOP

# End machine code for function vvadd.

# Machine code for function host: Properties: <SSA, tracking liveness, HasVRegs>
Function Live Ins: %a0_64 in %vreg0, %a1_64 in %vreg1, %a2_64 in %vreg2

BB#0: derived from LLVM BB %entry
    Live Ins: %a0_64 %a1_64 %a2_64
	%vreg2<def> = COPY %a2_64; GR64Bit:%vreg2
	%vreg1<def> = COPY %a1_64; GR64Bit:%vreg1
	%vreg0<def> = COPY %a0_64; GR64Bit:%vreg0
	ADJCALLSTACKDOWN 0
	%vreg3<def> = ADDI64 %vreg0, 8; GR64Bit:%vreg3,%vreg0
	%vreg4<def> = ADDI64 %vreg1, 8; GR64Bit:%vreg4,%vreg1
	%vreg5<def> = ADDI64 %vreg2, 8; GR64Bit:%vreg5,%vreg2
	%vreg6<def> = LUI64 <ga:@vvadd>[TF=1]; GR64Bit:%vreg6
	%vreg7<def> = ADDI64 %vreg6<kill>, <ga:@vvadd>[TF=2]; GR64Bit:%vreg7,%vreg6
	%a0_64<def> = COPY %vreg3; GR64Bit:%vreg3
	%a1_64<def> = COPY %vreg4; GR64Bit:%vreg4
	%a2_64<def> = COPY %vreg5; GR64Bit:%vreg5
	%vreg8<def> = VSETCFG 1, 0, 0, 1; GR64Bit:%vreg8
	%vreg9<def> = VSETVL 0; GR64Bit:%vreg9
	VFetch %vreg7<kill>, %a0_64<imp-use>, %a1_64<imp-use>, %a2_64<imp-use>; GR64Bit:%vreg7
	ADJCALLSTACKUP 0, 0
	RET %a0<imp-def,dead>, %a1<imp-def,dead>

# End machine code for function host.

Writing 'pdg.host.dot'...
ProcessingFunctionAfterISel
RUNNING PDG
